// Jest Snapshot v1, https://goo.gl/fbAQLP

exports[`MiscEditor Component renders correctly 1`] = `
<div
  className="flex flex-col h-full justify-between px-3 pb-2 select-none"
>
  <div
    className="grid grid-cols-1 gap-y-3 w-full animate-fade-in"
  >
    <label
      className="flex justify-between group p-2 hover:cursor-pointer hover:bg-slate-400 hover:text-white bg-slate-500/20 duration-100 select-none rounded"
    >
      Show Chat Message Buttons
      <input
        checked={true}
        className=" hover:cursor-pointer"
        onChange={[Function]}
        type="checkbox"
      />
    </label>
  </div>
  <div
    className="grid grid-cols-4 gap-1"
  >
    <button
      className="btnGrey col-span-2"
      onClick={[Function]}
    >
      Restore Defaults
    </button>
    <button
      className="btn"
      disabled={true}
      onClick={[Function]}
    >
      Save
    </button>
    <button
      className="btnRed"
      disabled={true}
      onClick={[Function]}
    >
      Cancel
    </button>
  </div>
</div>
`;
