// Jest Snapshot v1, https://goo.gl/fbAQLP

exports[`component renders 1`] = `
<header
  className="px-3 pt-3 pb-2 border-b border-edge"
>
  <div
    className="flex items-center justify-between gap-2"
  >
    <div
      className="flex items-center gap-1.5"
    >
      <h1
        className="text-base font-semibold tracking-tight text-ink"
      >
        ChatGPT Styler
      </h1>
      <img
        alt=""
        aria-hidden="true"
        className="w-6 h-6"
        src="icon-128.png"
      />
    </div>
    <button
      aria-label="Close popup"
      className="w-6 h-6 flex items-center justify-center rounded-md text-ink hover:bg-surface-raised focus:outline-none focus-visible:ring-2 focus-visible:ring-accent"
      onClick={[Function]}
      type="button"
    >
      <svg
        aria-hidden="true"
        className="w-3.5 h-3.5"
        fill="none"
        stroke="currentColor"
        strokeLinecap="round"
        strokeWidth="3"
        viewBox="0 0 24 24"
      >
        <line
          x1="5"
          x2="19"
          y1="5"
          y2="19"
        />
        <line
          x1="19"
          x2="5"
          y1="5"
          y2="19"
        />
      </svg>
    </button>
  </div>
</header>
`;
