// Jest Snapshot v1, https://goo.gl/fbAQLP

exports[`MessageEditor Component renders correctly 1`] = `
<div
  className="grid grid-cols-1 gap-y-3 px-3 pb-2 select-none animate-fade-in"
>
  <div
    className="grid grid-cols-1 gap-y-3 "
  >
    <div
      className="flex justify-between items-center"
    >
      <label
        className="basis-1/2 p-2 text-white rounded-md font-medium text-center mr-2"
        htmlFor="messageMaxWidthStyle"
        style={
          {
            "backgroundColor": "rgba(145, 10, 103)",
          }
        }
      >
        Message Width:
      </label>
       
      <div
        className="relative flex"
      >
        <input
          className="outline-none px-2 py-2 w-full text-right rounded-l-sm "
          id="messageMaxWidthStyle"
          inputMode="numeric"
          maxLength={3}
          onChange={[Function]}
          style={
            {
              "backgroundColor": "rgba(145, 10, 103, 0.1)",
            }
          }
          type="text"
          value=""
        />
        <input
          aria-label="Message Width slider"
          className="absolute w-full h-0.5 left-0 bottom-0"
          id="messageMaxWidthStyle-range"
          max="100"
          min="1"
          onChange={[Function]}
          step="1"
          style={
            {
              "accentColor": "rgba(145, 10, 103)",
            }
          }
          type="range"
          value=""
        />
      </div>
      <div
        aria-hidden="true"
        className="py-2 rounded-r-sm"
        style={
          {
            "backgroundColor": "rgba(145, 10, 103, 0.1)",
          }
        }
      >
        %
      </div>
    </div>
    <div
      className="flex justify-between items-center"
    >
      <label
        className="basis-1/2 p-2 text-white rounded-md font-medium text-center mr-2"
        htmlFor="messagePaddingStyle"
        style={
          {
            "backgroundColor": "rgba(114, 4, 85)",
          }
        }
      >
        Message Padding:
      </label>
       
      <div
        className="relative flex"
      >
        <input
          className="outline-none px-2 py-2 w-full text-right rounded-l-sm "
          id="messagePaddingStyle"
          inputMode="numeric"
          maxLength={3}
          onChange={[Function]}
          style={
            {
              "backgroundColor": "rgba(114, 4, 85, 0.1)",
            }
          }
          type="text"
          value=""
        />
        <input
          aria-label="Message Padding slider"
          className="absolute w-full h-0.5 left-0 bottom-0"
          id="messagePaddingStyle-range"
          max="100"
          min="1"
          onChange={[Function]}
          step="1"
          style={
            {
              "accentColor": "rgba(114, 4, 85)",
            }
          }
          type="range"
          value=""
        />
      </div>
      <div
        aria-hidden="true"
        className="py-2 rounded-r-sm"
        style={
          {
            "backgroundColor": "rgba(114, 4, 85, 0.1)",
          }
        }
      >
        px
      </div>
    </div>
    <div
      className="flex justify-between items-center"
    >
      <label
        className="basis-1/2 p-2 text-white rounded-md font-medium text-center mr-2"
        htmlFor="messageBorderRadiusStyle"
        style={
          {
            "backgroundColor": "rgba(60, 7, 83)",
          }
        }
      >
        Message Border:
      </label>
       
      <div
        className="relative flex"
      >
        <input
          className="outline-none px-2 py-2 w-full text-right rounded-l-sm "
          id="messageBorderRadiusStyle"
          inputMode="numeric"
          maxLength={3}
          onChange={[Function]}
          style={
            {
              "backgroundColor": "rgba(60, 7, 83, 0.1)",
            }
          }
          type="text"
          value=""
        />
        <input
          aria-label="Message Border slider"
          className="absolute w-full h-0.5 left-0 bottom-0"
          id="messageBorderRadiusStyle-range"
          max="100"
          min="1"
          onChange={[Function]}
          step="1"
          style={
            {
              "accentColor": "rgba(60, 7, 83)",
            }
          }
          type="range"
          value=""
        />
      </div>
      <div
        aria-hidden="true"
        className="py-2 rounded-r-sm"
        style={
          {
            "backgroundColor": "rgba(60, 7, 83, 0.1)",
          }
        }
      >
        px
      </div>
    </div>
    <div
      className="flex justify-between items-center"
    >
      <label
        className="basis-1/2 p-2 text-white rounded-md font-medium text-center mr-2"
        htmlFor="inputBoxMaxWidthStyle"
        style={
          {
            "backgroundColor": "rgba(3, 6, 55)",
          }
        }
      >
        Input Box Width:
      </label>
       
      <div
        className="relative flex"
      >
        <input
          className="outline-none px-2 py-2 w-full text-right rounded-l-sm "
          id="inputBoxMaxWidthStyle"
          inputMode="numeric"
          maxLength={3}
          onChange={[Function]}
          style={
            {
              "backgroundColor": "rgba(3, 6, 55, 0.1)",
            }
          }
          type="text"
          value=""
        />
        <input
          aria-label="Input Box Width slider"
          className="absolute w-full h-0.5 left-0 bottom-0"
          id="inputBoxMaxWidthStyle-range"
          max="100"
          min="1"
          onChange={[Function]}
          step="1"
          style={
            {
              "accentColor": "rgba(3, 6, 55)",
            }
          }
          type="range"
          value=""
        />
      </div>
      <div
        aria-hidden="true"
        className="py-2 rounded-r-sm"
        style={
          {
            "backgroundColor": "rgba(3, 6, 55, 0.1)",
          }
        }
      >
        %
      </div>
    </div>
  </div>
  <div
    className="grid grid-cols-2 gap-2 place-items-center w-full"
  >
    <fieldset
      className="flex flex-col justify-center items-center bg-violet-500 rounded-md p-3 gap-1 font-medium w-full border-0 m-0 min-w-0"
    >
      <legend
        className="sr-only"
      >
        User color settings
      </legend>
      <div
        aria-hidden="true"
        className="text-center p-1 w-24 rounded-md"
        style={
          {
            "backgroundColor": "",
            "color": "",
          }
        }
      >
        User Color
      </div>
      <div
        className="grid grid-cols-2 gap-1 w-full text-white"
      >
        <input
          aria-label="User background color"
          className="text-center w-full rounded-md h-8"
          id="messageColorUserStyle"
          onChange={[Function]}
          type="color"
          value=""
        />
        <input
          aria-label="User text color"
          className="text-center w-full rounded-md h-8"
          id="textColorUserStyle"
          onChange={[Function]}
          type="color"
          value=""
        />
        <span
          className="rounded-md font-medium text-center p-0 m-0"
        >
          BG
        </span>
        <span
          className="rounded-md font-medium text-center p-0 m-0"
        >
          Text
        </span>
      </div>
    </fieldset>
    <fieldset
      className="flex flex-col justify-center items-center bg-violet-500 rounded-md p-3 gap-1 font-medium w-full border-0 m-0 min-w-0"
    >
      <legend
        className="sr-only"
      >
        ChatGPT color settings
      </legend>
      <div
        aria-hidden="true"
        className="text-center p-1 w-24 rounded-md"
        style={
          {
            "backgroundColor": "",
            "color": "",
          }
        }
      >
        ChatGPT Color
      </div>
      <div
        className="grid grid-cols-2 gap-1 w-full text-white"
      >
        <input
          aria-label="ChatGPT background color"
          className="text-center w-full rounded-md h-8"
          id="messageColorNonUserStyle"
          onChange={[Function]}
          type="color"
          value=""
        />
        <input
          aria-label="ChatGPT text color"
          className="text-center w-full rounded-md h-8"
          id="textColorNonUserStyle"
          onChange={[Function]}
          type="color"
          value=""
        />
        <span
          className="rounded-md font-medium text-center p-0 m-0"
        >
          BG
        </span>
        <span
          className="rounded-md font-medium text-center p-0 m-0"
        >
          Text
        </span>
      </div>
    </fieldset>
  </div>
  <div
    aria-label="Settings actions"
    className="grid grid-cols-4 gap-1"
    role="group"
  >
    <button
      className="btnGrey col-span-2"
      onClick={[Function]}
      type="button"
    >
      Restore Defaults
    </button>
    <button
      className="btn"
      disabled={true}
      onClick={[Function]}
      type="button"
    >
      Save
    </button>
    <button
      className="btnRed"
      disabled={true}
      onClick={[Function]}
      type="button"
    >
      Cancel
    </button>
  </div>
  <div>
    <button
      aria-controls="delete-all-confirm"
      aria-expanded={false}
      className="bigRedBtn"
      disabled={false}
      onClick={[Function]}
      type="button"
    >
      Delete All Conversations
    </button>
    <div
      className="hidden"
      id="delete-all-confirm"
    >
      <div
        className="w-full grid grid-cols-2 gap-2"
      >
        <button
          aria-describedby="delete-all-confirm-label"
          className="yesBtn"
          disabled={false}
          onClick={[Function]}
          type="button"
        >
          Yes
        </button>
        <button
          aria-describedby="delete-all-confirm-label"
          className="noBtn"
          disabled={false}
          onClick={[Function]}
          type="button"
        >
          No
        </button>
      </div>
      <p
        className="text-base"
        id="delete-all-confirm-label"
      >
        Are you sure?
      </p>
    </div>
  </div>
</div>
`;
