// Jest Snapshot v1, https://goo.gl/fbAQLP

exports[`Component MessageEditor renders correctly 1`] = `
<div class="grid grid-cols-1 gap-y-3 px-3 pb-2 animate-fade-in">
  <MessageSliderControls
    liveChanges={[Object]}
    setLiveChanges={[Function]}
    setIsEditing={[Function]}
  />
  <ColorControls
    liveChanges={[Object]}
    setLiveChanges={[Function]}
    setIsEditing={[Function]}
  />
  <FormButtons
    isEditing={false}
    liveSettings={[Object]}
    savedSettings={[Object]}
    setLiveSettings={[Function]}
    setSavedSettings={[Function]}
    setIsEditing={[Function]}
  />
</div>
`;
