// Jest Snapshot v1, https://goo.gl/fbAQLP

exports[`Components/MessageEditor Default 1`] = `
<div>
  <label>
    Message Width:
    <input
      id="messageMaxWidthStyle"
      onChange={[Function]}
      placeholder="percentage"
      type="text"
    />
  </label>
  <label>
    Message Padding:
    <input
      id="messagePaddingStyle"
      onChange={[Function]}
      placeholder="percentage"
      type="text"
    />
  </label>
  <label>
    Message Border:
    <input
      id="messageBorderStyle"
      onChange={[Function]}
      placeholder="percentage"
      type="text"
    />
  </label>
  <label>
    Input Box Width:
    <input
      id="inputBoxMaxWidth"
      onChange={[Function]}
      placeholder="percentage"
      type="text"
    />
  </label>
  <hr />
  <MessageFormControl
    colorLiveChange={[Function]}
    section="User"
  />
  <MessageFormControl
    colorLiveChange={[Function]}
    section="Chat"
  />
</div>
`;
