// Jest Snapshot v1, https://goo.gl/fbAQLP

exports[`component renders 1`] = `
<div
  className="popupContainer"
>
  <div
    className="mx-4 my-4"
  >
    <Header />
    <hr />
    <RenderPage
      userMessageColorLiveChange={[Function]}
      chatMessageColorLiveChange={[Function]}
      messageMaxWidthLiveChange={[Function]}
      messagePaddingLiveChange={[Function]}
      messageBorderRadiusLiveChange={[Function]}
      inputBoxMaxWidthLiveChange={[Function]}
      userColorLiveChange={[Function]}
      userFontSizeOnChange={[Function]}
      userFontWeightOnChange={[Function]}
      chatColorLiveChange={[Function]}
      chatFontSizeOnChange={[Function]}
      chatFontWeightOnChange={[Function]}
    />
  </div>
</div>
`;
