// Jest Snapshot v1, https://goo.gl/fbAQLP

exports[`FormButtons renders correctly 1`] = `
<div
  aria-label="Settings actions"
  className="grid grid-cols-4 gap-1"
  role="group"
>
  <button
    className="btnGrey col-span-2"
    onClick={[MockFunction]}
    type="button"
  >
    Restore Defaults
  </button>
  <button
    className="btn"
    disabled={true}
    onClick={[Function]}
    type="button"
  >
    Save
  </button>
  <button
    className="btnRed"
    disabled={true}
    onClick={[Function]}
    type="button"
  >
    Cancel
  </button>
</div>
`;
